127.0.0.1 - - [17/Jul/2018:14:31:50 +0800] "GET /show.html HTTP/1.0" 404 969 http-bio-8092-exec-1 55
0:0:0:0:0:0:0:1 - - [17/Jul/2018:14:32:05 +0800] "GET /cart/show.html HTTP/1.0" 200 22691 http-bio-8092-exec-2 1634
127.0.0.1 - - [17/Jul/2018:14:32:21 +0800] "POST /service/cart/update/num/1474391935/10 HTTP/1.0" 404 1025 http-bio-8092-exec-3 5
0:0:0:0:0:0:0:1 - - [17/Jul/2018:14:32:22 +0800] "POST /service/cart/update/num/1474391935/9 HTTP/1.0" 404 1023 http-bio-8092-exec-4 2
127.0.0.1 - - [17/Jul/2018:14:32:23 +0800] "POST /service/cart/update/num/1474391935/8 HTTP/1.0" 404 1023 http-bio-8092-exec-5 3
0:0:0:0:0:0:0:1 - - [17/Jul/2018:14:32:24 +0800] "POST /service/cart/update/num/1474391935/9 HTTP/1.0" 404 1023 http-bio-8092-exec-6 2
127.0.0.1 - - [17/Jul/2018:14:32:24 +0800] "POST /service/cart/update/num/1474391935/10 HTTP/1.0" 404 1025 http-bio-8092-exec-7 2
0:0:0:0:0:0:0:1 - - [17/Jul/2018:14:32:24 +0800] "POST /service/cart/update/num/1474391935/11 HTTP/1.0" 404 1025 http-bio-8092-exec-8 2
127.0.0.1 - - [17/Jul/2018:14:32:24 +0800] "POST /service/cart/update/num/1474391935/12 HTTP/1.0" 404 1025 http-bio-8092-exec-9 4
0:0:0:0:0:0:0:1 - - [17/Jul/2018:14:32:25 +0800] "POST /service/cart/update/num/1474391935/13 HTTP/1.0" 404 1025 http-bio-8092-exec-10 2
127.0.0.1 - - [17/Jul/2018:14:32:25 +0800] "POST /service/cart/update/num/1474391935/12 HTTP/1.0" 404 1025 http-bio-8092-exec-1 3
0:0:0:0:0:0:0:1 - - [17/Jul/2018:14:32:26 +0800] "POST /service/cart/update/num/1474391935/11 HTTP/1.0" 404 1025 http-bio-8092-exec-2 5
127.0.0.1 - - [17/Jul/2018:14:32:26 +0800] "POST /service/cart/update/num/1474391935/10 HTTP/1.0" 404 1025 http-bio-8092-exec-3 2
0:0:0:0:0:0:0:1 - - [17/Jul/2018:14:32:26 +0800] "POST /service/cart/update/num/1474391935/9 HTTP/1.0" 404 1023 http-bio-8092-exec-4 2
127.0.0.1 - - [17/Jul/2018:14:32:26 +0800] "POST /service/cart/update/num/1474391935/8 HTTP/1.0" 404 1023 http-bio-8092-exec-5 3
0:0:0:0:0:0:0:1 - - [17/Jul/2018:14:32:26 +0800] "POST /service/cart/update/num/1474391935/7 HTTP/1.0" 404 1023 http-bio-8092-exec-6 3
127.0.0.1 - - [17/Jul/2018:14:32:27 +0800] "POST /service/cart/update/num/1474391959/7 HTTP/1.0" 404 1023 http-bio-8092-exec-7 5
0:0:0:0:0:0:0:1 - - [17/Jul/2018:14:32:27 +0800] "POST /service/cart/update/num/1474391959/6 HTTP/1.0" 404 1023 http-bio-8092-exec-8 2
127.0.0.1 - - [17/Jul/2018:14:32:28 +0800] "POST /service/cart/update/num/1474391959/5 HTTP/1.0" 404 1023 http-bio-8092-exec-9 2
0:0:0:0:0:0:0:1 - - [17/Jul/2018:14:32:28 +0800] "POST /service/cart/update/num/1474391959/4 HTTP/1.0" 404 1023 http-bio-8092-exec-10 2
127.0.0.1 - - [17/Jul/2018:14:32:28 +0800] "POST /service/cart/update/num/1474391959/3 HTTP/1.0" 404 1023 http-bio-8092-exec-1 4
0:0:0:0:0:0:0:1 - - [17/Jul/2018:14:32:29 +0800] "POST /service/cart/update/num/1474391959/2 HTTP/1.0" 404 1023 http-bio-8092-exec-2 2
127.0.0.1 - - [17/Jul/2018:14:32:29 +0800] "POST /service/cart/update/num/1474391959/1 HTTP/1.0" 404 1023 http-bio-8092-exec-3 3
0:0:0:0:0:0:0:1 - - [17/Jul/2018:14:32:30 +0800] "POST /service/cart/update/num/1474391935/6 HTTP/1.0" 404 1023 http-bio-8092-exec-4 2
127.0.0.1 - - [17/Jul/2018:14:32:31 +0800] "POST /service/cart/update/num/1474391935/5 HTTP/1.0" 404 1023 http-bio-8092-exec-5 4
0:0:0:0:0:0:0:1 - - [17/Jul/2018:14:32:31 +0800] "POST /service/cart/update/num/1474391935/4 HTTP/1.0" 404 1023 http-bio-8092-exec-6 3
127.0.0.1 - - [17/Jul/2018:14:32:31 +0800] "POST /service/cart/update/num/1474391935/3 HTTP/1.0" 404 1023 http-bio-8092-exec-7 3
0:0:0:0:0:0:0:1 - - [17/Jul/2018:14:32:31 +0800] "POST /service/cart/update/num/1474391935/2 HTTP/1.0" 404 1023 http-bio-8092-exec-8 2
127.0.0.1 - - [17/Jul/2018:14:32:31 +0800] "POST /service/cart/update/num/1474391935/1 HTTP/1.0" 404 1023 http-bio-8092-exec-9 2
0:0:0:0:0:0:0:1 - - [17/Jul/2018:14:32:34 +0800] "POST /service/cart/update/num/1474391935/2 HTTP/1.0" 404 1023 http-bio-8092-exec-10 2
127.0.0.1 - - [17/Jul/2018:14:32:34 +0800] "POST /service/cart/update/num/1474391935/3 HTTP/1.0" 404 1023 http-bio-8092-exec-1 2
0:0:0:0:0:0:0:1 - - [17/Jul/2018:14:32:34 +0800] "POST /service/cart/update/num/1474391935/4 HTTP/1.0" 404 1023 http-bio-8092-exec-2 2
127.0.0.1 - - [17/Jul/2018:14:51:07 +0800] "GET /cart/show.html HTTP/1.0" 200 22691 http-bio-8092-exec-1 761
0:0:0:0:0:0:0:1 - - [17/Jul/2018:14:51:22 +0800] "GET /index.html HTTP/1.0" 200 107045 http-bio-8092-exec-2 870
127.0.0.1 - - [17/Jul/2018:14:51:24 +0800] "GET /items/562379.html HTTP/1.0" 200 43427 http-bio-8092-exec-3 811
0:0:0:0:0:0:0:1 - - [17/Jul/2018:14:51:27 +0800] "POST /cart/add/562379.html HTTP/1.0" 500 24189 http-bio-8092-exec-4 283
127.0.0.1 - - [17/Jul/2018:14:52:32 +0800] "POST /cart/add/562379.html HTTP/1.0" 500 24189 http-bio-8092-exec-5 32
0:0:0:0:0:0:0:1 - - [17/Jul/2018:15:00:58 +0800] "GET /items/562379.html HTTP/1.0" 200 43427 http-bio-8092-exec-1 432
127.0.0.1 - - [17/Jul/2018:15:01:00 +0800] "POST /cart/add/562379.html HTTP/1.0" 500 24189 http-bio-8092-exec-2 138
0:0:0:0:0:0:0:1 - - [17/Jul/2018:15:44:16 +0800] "GET /images/loading.gif HTTP/1.0" 304 - http-bio-8092-exec-3 9
127.0.0.1 - - [17/Jul/2018:15:44:18 +0800] "POST /cart/add/562379.html HTTP/1.0" 500 24189 http-bio-8092-exec-4 53
0:0:0:0:0:0:0:1 - - [17/Jul/2018:15:48:22 +0800] "GET /items/562379.html HTTP/1.0" 200 43427 http-bio-8092-exec-1 495
127.0.0.1 - - [17/Jul/2018:15:48:23 +0800] "POST /cart/add/562379.html HTTP/1.0" 404 991 http-bio-8092-exec-2 14
0:0:0:0:0:0:0:1 - - [17/Jul/2018:15:48:45 +0800] "POST /cart/add/562379.html HTTP/1.0" 404 991 http-bio-8092-exec-3 4
127.0.0.1 - - [17/Jul/2018:15:53:32 +0800] "POST /cart/add/562379.html HTTP/1.0" 302 - http-bio-8092-exec-1 657
0:0:0:0:0:0:0:1 - - [17/Jul/2018:15:53:32 +0800] "GET /cart/show.html HTTP/1.0" 200 22691 http-bio-8092-exec-2 109
127.0.0.1 - - [17/Jul/2018:15:53:36 +0800] "GET /order/create.html HTTP/1.0" 500 5739 http-bio-8092-exec-3 153
0:0:0:0:0:0:0:1 - - [17/Jul/2018:15:53:45 +0800] "POST /cart/add/562379.html HTTP/1.0" 302 - http-bio-8092-exec-4 77
127.0.0.1 - - [17/Jul/2018:15:53:45 +0800] "GET /cart/show.html HTTP/1.0" 200 22691 http-bio-8092-exec-5 17
0:0:0:0:0:0:0:1 - - [17/Jul/2018:15:54:52 +0800] "POST /service/cart/update/num/1474391935/10 HTTP/1.0" 404 1025 http-bio-8092-exec-6 3
127.0.0.1 - - [17/Jul/2018:15:55:03 +0800] "POST /service/cart/update/num/1474391935/9 HTTP/1.0" 404 1023 http-bio-8092-exec-7 9
0:0:0:0:0:0:0:1 - - [17/Jul/2018:15:59:15 +0800] "POST /service/cart/update/num/1474391935/8 HTTP/1.0" 404 1023 http-bio-8092-exec-8 5
127.0.0.1 - - [17/Jul/2018:16:09:57 +0800] "GET /cart/show.html HTTP/1.0" 200 22691 http-bio-8092-exec-1 749
0:0:0:0:0:0:0:1 - - [17/Jul/2018:16:10:01 +0800] "POST /service/cart/update/num/1474391935/10 HTTP/1.0" 200 64 http-bio-8092-exec-2 61
127.0.0.1 - - [17/Jul/2018:16:10:04 +0800] "POST /service/cart/update/num/1474391959/7 HTTP/1.0" 200 64 http-bio-8092-exec-3 19
0:0:0:0:0:0:0:1 - - [17/Jul/2018:16:10:07 +0800] "GET /cart/show.html HTTP/1.0" 200 22691 http-bio-8092-exec-4 21
127.0.0.1 - - [17/Jul/2018:16:10:21 +0800] "GET /cart/delete/1474391935.html HTTP/1.0" 404 1005 http-bio-8092-exec-5 10
0:0:0:0:0:0:0:1 - - [17/Jul/2018:16:29:33 +0800] "GET /cart/show.html HTTP/1.0" 200 22691 http-bio-8092-exec-6 62
127.0.0.1 - - [17/Jul/2018:16:31:26 +0800] "GET /cart/show.html HTTP/1.0" 200 22691 http-bio-8092-exec-1 761
0:0:0:0:0:0:0:1 - - [17/Jul/2018:16:31:29 +0800] "GET /cart/delete/1474391935.html HTTP/1.0" 406 1067 http-bio-8092-exec-2 84
127.0.0.1 - - [17/Jul/2018:16:35:35 +0800] "GET /cart/delete/1474391959.html HTTP/1.0" 406 1067 http-bio-8092-exec-3 51
0:0:0:0:0:0:0:1 - - [17/Jul/2018:16:45:09 +0800] "GET /cart/delete/1474391959.html HTTP/1.0" 406 1067 http-bio-8092-exec-4 16
127.0.0.1 - - [17/Jul/2018:16:46:40 +0800] "GET /cart/show.html HTTP/1.0" 200 18354 http-bio-8092-exec-1 789
0:0:0:0:0:0:0:1 - - [17/Jul/2018:16:47:09 +0800] "GET /index.html HTTP/1.0" 200 107045 http-bio-8092-exec-2 24
127.0.0.1 - - [17/Jul/2018:16:47:17 +0800] "GET /items/562379.html HTTP/1.0" 200 43427 http-bio-8092-exec-3 214
0:0:0:0:0:0:0:1 - - [17/Jul/2018:16:47:30 +0800] "GET /items/562379.html HTTP/1.0" 200 43427 http-bio-8092-exec-4 59
127.0.0.1 - - [17/Jul/2018:16:47:54 +0800] "GET /items/562379.html HTTP/1.0" 200 43427 http-bio-8092-exec-5 68
0:0:0:0:0:0:0:1 - - [17/Jul/2018:16:47:59 +0800] "POST /cart/add/562379.html HTTP/1.0" 302 - http-bio-8092-exec-6 146
127.0.0.1 - - [17/Jul/2018:16:47:59 +0800] "GET /cart/show.html HTTP/1.0" 200 18355 http-bio-8092-exec-7 20
0:0:0:0:0:0:0:1 - - [17/Jul/2018:16:48:05 +0800] "GET /cart/delete/562379.html HTTP/1.0" 500 4681 http-bio-8092-exec-8 11
127.0.0.1 - - [17/Jul/2018:16:54:24 +0800] "GET /cart/show.html HTTP/1.0" 200 18355 http-bio-8092-exec-1 288
0:0:0:0:0:0:0:1 - - [17/Jul/2018:16:54:33 +0800] "GET /order/create.html HTTP/1.0" 500 5739 http-bio-8092-exec-2 144
127.0.0.1 - - [17/Jul/2018:17:02:45 +0800] "GET /cart/show.html HTTP/1.0" 200 18355 http-bio-8092-exec-1 500
0:0:0:0:0:0:0:1 - - [17/Jul/2018:17:02:48 +0800] "GET /order/create.html HTTP/1.0" 500 5739 http-bio-8092-exec-2 106
127.0.0.1 - - [17/Jul/2018:17:11:18 +0800] "GET /cart/show.html HTTP/1.0" 200 18355 http-bio-8092-exec-3 61
0:0:0:0:0:0:0:1 - - [17/Jul/2018:17:11:19 +0800] "GET /cart/show.html HTTP/1.0" 200 18355 http-bio-8092-exec-4 19
127.0.0.1 - - [17/Jul/2018:17:11:20 +0800] "GET /cart/show.html HTTP/1.0" 200 18355 http-bio-8092-exec-5 32
0:0:0:0:0:0:0:1 - - [17/Jul/2018:17:11:21 +0800] "GET /cart/show.html HTTP/1.0" 200 18355 http-bio-8092-exec-6 24
127.0.0.1 - - [17/Jul/2018:17:11:21 +0800] "GET /cart/show.html HTTP/1.0" 200 18355 http-bio-8092-exec-7 23
0:0:0:0:0:0:0:1 - - [17/Jul/2018:17:11:50 +0800] "GET /items/1474391960.html HTTP/1.0" 200 36709 http-bio-8092-exec-8 134
127.0.0.1 - - [17/Jul/2018:17:11:53 +0800] "POST /cart/add/1474391960.html HTTP/1.0" 302 - http-bio-8092-exec-9 205
0:0:0:0:0:0:0:1 - - [17/Jul/2018:17:11:53 +0800] "GET /cart/show.html HTTP/1.0" 200 20619 http-bio-8092-exec-10 18
127.0.0.1 - - [17/Jul/2018:17:11:59 +0800] "GET /cart/delete/1474391960.html HTTP/1.0" 500 25221 http-bio-8092-exec-1 43
0:0:0:0:0:0:0:1 - - [17/Jul/2018:17:15:28 +0800] "POST /service/cart/update/num/1474391960/2 HTTP/1.0" 200 64 http-bio-8092-exec-2 79
127.0.0.1 - - [17/Jul/2018:17:15:34 +0800] "GET /cart/delete/1474391960.html HTTP/1.0" 500 25221 http-bio-8092-exec-3 30
0:0:0:0:0:0:0:1 - - [17/Jul/2018:17:15:49 +0800] "GET /cart/delete/562379.html HTTP/1.0" 500 25221 http-bio-8092-exec-4 26
127.0.0.1 - - [17/Jul/2018:17:15:53 +0800] "GET /cart/delete/562379.html HTTP/1.0" 500 25221 http-bio-8092-exec-5 41
0:0:0:0:0:0:0:1 - - [17/Jul/2018:17:16:01 +0800] "GET /cart/delete/562379.html HTTP/1.0" 500 25221 http-bio-8092-exec-6 24
127.0.0.1 - - [17/Jul/2018:17:20:38 +0800] "GET /index.html HTTP/1.0" 200 107045 http-bio-8092-exec-1 178
127.0.0.1 - - [17/Jul/2018:17:21:16 +0800] "GET /items/562379.html HTTP/1.0" 200 42549 http-bio-8092-exec-3 30039
0:0:0:0:0:0:0:1 - - [17/Jul/2018:17:22:09 +0800] "GET /items/1474391960.html HTTP/1.0" 200 36709 http-bio-8092-exec-4 53
127.0.0.1 - - [17/Jul/2018:17:22:12 +0800] "POST /cart/add/1474391960.html HTTP/1.0" 302 - http-bio-8092-exec-5 485
0:0:0:0:0:0:0:1 - - [17/Jul/2018:17:22:12 +0800] "GET /cart/show.html HTTP/1.0" 200 20619 http-bio-8092-exec-6 29
127.0.0.1 - - [17/Jul/2018:17:22:19 +0800] "GET /cart/delete/1474391960.html HTTP/1.0" 302 - http-bio-8092-exec-7 47
0:0:0:0:0:0:0:1 - - [17/Jul/2018:17:22:19 +0800] "GET /cart/show.html HTTP/1.0" 200 18355 http-bio-8092-exec-8 15
127.0.0.1 - - [17/Jul/2018:18:23:38 +0800] "GET /order/create.html HTTP/1.0" 500 5739 http-bio-8092-exec-9 169
0:0:0:0:0:0:0:1 - - [17/Jul/2018:19:35:53 +0800] "GET /cart/show.html HTTP/1.0" 200 18355 http-bio-8092-exec-1 326
127.0.0.1 - - [17/Jul/2018:19:35:55 +0800] "GET /order/create.html HTTP/1.0" 500 25405 http-bio-8092-exec-2 50
0:0:0:0:0:0:0:1 - - [17/Jul/2018:19:38:10 +0800] "GET /order/create.html HTTP/1.0" 500 25405 http-bio-8092-exec-3 37
127.0.0.1 - - [17/Jul/2018:19:43:25 +0800] "GET /order/create.html HTTP/1.0" 200 19636 http-bio-8092-exec-1 1539
0:0:0:0:0:0:0:1 - - [17/Jul/2018:19:43:45 +0800] "GET /order/create.html HTTP/1.0" 200 19636 http-bio-8092-exec-2 21
127.0.0.1 - - [17/Jul/2018:19:44:25 +0800] "GET /index.html HTTP/1.0" 200 107045 http-bio-8092-exec-3 54
0:0:0:0:0:0:0:1 - - [17/Jul/2018:19:44:40 +0800] "GET /items/562379.html HTTP/1.0" 200 43427 http-bio-8092-exec-4 174
127.0.0.1 - - [17/Jul/2018:19:44:47 +0800] "GET /items/1474391944.html HTTP/1.0" 200 32869 http-bio-8092-exec-5 101
0:0:0:0:0:0:0:1 - - [17/Jul/2018:19:44:51 +0800] "POST /cart/add/1474391944.html HTTP/1.0" 302 - http-bio-8092-exec-6 149
127.0.0.1 - - [17/Jul/2018:19:44:51 +0800] "GET /cart/show.html HTTP/1.0" 200 20506 http-bio-8092-exec-7 35
0:0:0:0:0:0:0:1 - - [17/Jul/2018:19:44:56 +0800] "GET /order/create.html HTTP/1.0" 200 19636 http-bio-8092-exec-8 18
127.0.0.1 - - [17/Jul/2018:19:53:16 +0800] "GET /cart/show.html HTTP/1.0" 200 20506 http-bio-8092-exec-1 820
0:0:0:0:0:0:0:1 - - [17/Jul/2018:19:53:18 +0800] "GET /order/create.html HTTP/1.0" 200 22540 http-bio-8092-exec-2 36
127.0.0.1 - - [17/Jul/2018:19:53:34 +0800] "POST /service/order/submit HTTP/1.0" 404 991 http-bio-8092-exec-3 8
0:0:0:0:0:0:0:1 - - [17/Jul/2018:19:54:44 +0800] "GET /service/order/submit HTTP/1.0" 500 3162 http-bio-8092-exec-4 7
127.0.0.1 - - [17/Jul/2018:20:21:13 +0800] "GET /order/create.html HTTP/1.0" 200 22540 http-bio-8092-exec-1 323
0:0:0:0:0:0:0:1 - - [17/Jul/2018:20:21:25 +0800] "POST /service/order/submit HTTP/1.0" 200 62 http-bio-8092-exec-2 352
127.0.0.1 - - [17/Jul/2018:20:21:25 +0800] "GET /order/success.html?id=null1531830085558 HTTP/1.0" 400 968 http-bio-8092-exec-3 9
0:0:0:0:0:0:0:1 - - [17/Jul/2018:20:25:15 +0800] "POST /service/order/submit HTTP/1.0" 200 62 http-bio-8092-exec-1 431
127.0.0.1 - - [17/Jul/2018:20:25:15 +0800] "GET /order/success.html?id=null1531830315067 HTTP/1.0" 200 7361 http-bio-8092-exec-2 673
0:0:0:0:0:0:0:1 - - [17/Jul/2018:20:25:48 +0800] "GET /items/1474391958.html HTTP/1.0" 200 33029 http-bio-8092-exec-3 262
127.0.0.1 - - [17/Jul/2018:20:25:51 +0800] "POST /cart/add/1474391958.html HTTP/1.0" 302 - http-bio-8092-exec-4 130
0:0:0:0:0:0:0:1 - - [17/Jul/2018:20:25:51 +0800] "GET /cart/show.html HTTP/1.0" 200 22643 http-bio-8092-exec-5 21
127.0.0.1 - - [17/Jul/2018:20:25:55 +0800] "GET /cart/delete/1474391944.html HTTP/1.0" 302 - http-bio-8092-exec-6 67
0:0:0:0:0:0:0:1 - - [17/Jul/2018:20:25:55 +0800] "GET /cart/show.html HTTP/1.0" 200 20492 http-bio-8092-exec-7 14
127.0.0.1 - - [17/Jul/2018:20:25:56 +0800] "GET /cart/delete/562379.html HTTP/1.0" 302 - http-bio-8092-exec-8 79
0:0:0:0:0:0:0:1 - - [17/Jul/2018:20:25:56 +0800] "GET /cart/show.html HTTP/1.0" 200 18279 http-bio-8092-exec-9 14
127.0.0.1 - - [17/Jul/2018:20:25:57 +0800] "POST /service/cart/update/num/1474391958/2 HTTP/1.0" 200 64 http-bio-8092-exec-10 33
0:0:0:0:0:0:0:1 - - [17/Jul/2018:20:25:58 +0800] "GET /order/create.html HTTP/1.0" 200 21040 http-bio-8092-exec-1 24
127.0.0.1 - - [17/Jul/2018:20:25:59 +0800] "POST /service/order/submit HTTP/1.0" 200 62 http-bio-8092-exec-2 69
0:0:0:0:0:0:0:1 - - [17/Jul/2018:20:25:59 +0800] "GET /order/success.html?id=null1531830359844 HTTP/1.0" 200 7359 http-bio-8092-exec-3 23
